2026-07-27 16:24:50,473 - Watcher started
2026-07-27 16:24:50,493 - Startup check
2026-07-27 16:24:50,493 - Checking Git changes
2026-07-27 16:24:50,523 - Uploading changes
2026-07-27 16:24:59,713 - Git pull failed
2026-07-27 16:27:26,724 - Watcher stopped
2026-07-27 16:27:57,484 - Watcher started
2026-07-27 16:27:57,494 - Startup check
2026-07-27 16:27:57,494 - Checking Git changes
2026-07-27 16:27:57,504 - Uploading changes
2026-07-27 16:28:04,544 - Git pull failed
2026-07-27 16:28:48,144 - Change detected: C:\Tempsens\.git\index.lock
2026-07-27 16:28:48,144 - Change detected: C:\Tempsens\.git\index.lock
2026-07-27 16:28:53,154 - Checking Git changes
2026-07-27 16:28:53,174 - Change detected: C:\Tempsens\.git\index.lock
2026-07-27 16:28:53,174 - Change detected: C:\Tempsens\.git\index.lock
2026-07-27 16:28:53,184 - Uploading changes
2026-07-27 16:28:53,194 - Change detected: C:\Tempsens\.git\index.lock
2026-07-27 16:28:53,204 - Change detected: C:\Tempsens\.git\objects\6a\tmp_obj_MXZ3Gs
2026-07-27 16:28:53,254 - Change detected: C:\Tempsens\.git\objects\6a\tmp_obj_MXZ3Gs
2026-07-27 16:28:53,254 - Change detected: C:\Tempsens\.git\objects\6a\tmp_obj_MXZ3Gs
